ca65 V2.18 - Ubuntu 2.19-1
Main file   : clrdir.asm
Current file: clrdir.asm

000000r 1               
000000r 1               ;__CLRDIR__________________________________________________________________________________________
000000r 1               ;
000000r 1               ;	CLEAR TRACKS ON SELECTED DRIVE
000000r 1               ;
000000r 1               ;	WRITTEN BY: DAN WERNER -- 4/1/2023
000000r 1               ;
000000r 1               ;__________________________________________________________________________________________________
000000r 1               ;
000000r 1               ; BIOS JUMP TABLE
000000r 1                       .INCLUDE "../dos65_os/dosdefn.asm"; base addresses and definitions
000000r 2               ;________________________________________________________________________________________________________________________________
000000r 2               ;
000000r 2               ;	DOS/65 base addresses and definitions
000000r 2               ;
000000r 2               ;  DWERNER 04/24/2022 	Initial
000000r 2               ;________________________________________________________________________________________________________________________________
000000r 2               
000000r 2               ;base addresses and definitions
000000r 2               btejmp          = $0100         ; warm boot jump
000000r 2               pemjmp          = $0103         ; jump to pem
000000r 2               iostat          = $0106         ; i/o status
000000r 2               dflfcb          = $0107         ; default fcb
000000r 2               dflbuf          = $0128         ; default buffer
000000r 2               memmovr         = $0200         ; 0200-02ff subr to move data from ram/rom disks
000000r 2               MD_PAGERA       = $0200         ; PAGE DRIVER ADDRESS
000000r 2               IO              = $0300         ; 0300-03FF Memory mapped IO
000000r 2               MPCL_ROM        = $037C         ; ROM MAPPER
000000r 2               MPCL_RAM        = $0378         ; RAM MAPPER
000000r 2               hstbuf          = $0400         ; 0400-05ff host buffer
000000r 2               ;
000000r 2               ; DRIVER WORKING STORAGE
000000r 2               ;
000000r 2               
000000r 2               
000000r 2               DSKY_BUF        = $0600         ; Eight Bytes DSKY display buffer
000000r 2               DSKY_BUFLEN     = 8             ;
000000r 2               DSKY_HEXBUF     = $0608         ; Four Bytes DSKY hex buffer
000000r 2               DSKY_HEXBUFLEN  = 4             ;
000000r 2               sektrk          = $060C         ; seek track number
000000r 2               seksec          = $060E         ; seek sector number
000000r 2               debcyll         = $0610         ; DEBLOCKED CYLINDER LSB
000000r 2               debcylm         = $0611         ; DEBLOCKED CYLINDER MSB
000000r 2               debsehd         = $0612         ; DEBLOCKED SECTOR AND HEAD (HS)
000000r 2               sekdsk          = $0616         ; seek disk number
000000r 2               dskcfg          = $0617         ; 16 bytes disk configuration table
000000r 2               DSKUNIT         = $0628         ; seek disk number
000000r 2               slicetmp        = $0631         ; (word)
000000r 2               STACKA          = $0635
000000r 2               nmsstr          = $0636
000000r 2               FLRETRY         = $0637         ;
000000r 2               FLRETRY1        = $0638         ;
000000r 2               ST0             = $0639         ;
000000r 2               FLERR           = $063A         ;
000000r 2               FCMD            = $063B         ;
000000r 2               PPIDEINDEX      = $063C
000000r 2               currentDrive    = $063D
000000r 2               DSKY_X_STORAGE  = $063E
000000r 2               DSKY_Y_STORAGE  = $063F
000000r 2               DSKY_TEMP_VAL   = $0640
000000r 2               DSKY_PPIX_VAL   = $0641
000000r 2               FLOPPY_DETCT    = $0642
000000r 2               DSKY_PRESENT    = $0643
000000r 2               Cdebcyll        = $0644         ; DEBLOCKED CYLINDER LSB (IN CACHE)
000000r 2               Cdebcylm        = $0645         ; DEBLOCKED CYLINDER MSB (IN CACHE)
000000r 2               Cdebsehd        = $0646         ; DEBLOCKED SECTOR AND HEAD (HS)  (IN CACHE)
000000r 2               
000000r 2               tea             = $800          ;tea start
000000r 2               
000000r 2               ;zero page for setup
000000r 2               addinp          = $02           ;initialized to a,y
000000r 2               bufadd          = $04           ;buffer address
000000r 2               alcpnt          = $06           ;allocation map pointer
000000r 2               chkpnt          = $08           ;checksum map pointer
000000r 2               numvar          = 8             ;eight bytes
000000r 2               
000000r 2               
000000r 2               msgptr          = chkpnt+2      ;message pointer
000000r 2               movptr          = msgptr        ;and move pointer
000000r 2               dcbloc          = msgptr+2      ;pointer to dcb
000000r 2               
000000r 2               dcbpc           = $2C           ;pointer to DCB table
000000r 2               dskcfpc         = $2E           ;pointer to disk configuration table
000000r 2               cmdlnp          = $30           ;pointer to command line buffer
000000r 2               farfunct        = $32           ; function to call in driver area
000000r 2               farpointer      = $33           ;
000000r 2               IRQVECTOR       = $35           ; VECTOR FOR USER IRQ RTN
000000r 2               NMIVECTOR       = $37           ; VECTOR FOR USER NMI RTN
000000r 2               CONSOLE         = $3A
000000r 2               TEMPWORD        = $3B           ;
000000r 2               TEMPWORD1       = $3D           ;
000000r 2               TEMPWORD2       = $3F           ;
000000r 2               STRPTR          = $41           ;
000000r 2               DSKYMODE        = $43           ; DSKY MODE (0=NONE, 1=DSKY, 2=DSKY NG
000000r 2               
000000r 2               
000000r 2               DO_FARCALL      = $FFF0
000000r 2               
000000r 2               ;page zero and system ram assignments
000000r 2               DEST            = $EC           ;pointer for OutMsg
000000r 2               SRC             = $EE           ;pointer for OutMsg
000000r 2               OUTMSG_W        = $F0           ;pointer for OutMsg
000000r 2               dmaadr          = $f4           ;pointer for r/w
000000r 2               
000000r 2               
000000r 2               ;pem constants on entry to write
000000r 2               wrall           = 0             ;write to allocated
000000r 2               wrdir           = 1             ;write to directory
000000r 2               wrual           = 2             ;write to unallocated
000000r 2               
000000r 2               ;fixed parameters
000000r 2               lf              = $a            ;linefeeed
000000r 2               cr              = $d            ;return
000000r 2               eof             = $1a           ;end of file
000000r 2               null            = 0             ;null
000000r 2               ctlc            = 3             ;abort
000000r 2               ctle            = 5             ;physical cr lf
000000r 2               ctli            = 9             ;tab character
000000r 2               ctlp            = $10           ;toggle printer
000000r 2               ctlr            = $12           ;repeat line
000000r 2               ctls            = $13           ;freeze
000000r 2               ctlx            = $18           ;cancel
000000r 2               semico          = $3b           ;semicolon
000000r 2               delete          = $08           ;delete character
000000r 2               numcmd          = 36            ;number commands
000000r 2               DEFDRV          = 0             ; SET TO DEFAULT DRIVE LETTER
000000r 2               
000000r 2               
000000r 2                       .IFDEF  RBC6X0X
000000r 2                       .DEFINE COMSUFFIX "COM"
000000r 2                       .ENDIF
000000r 2               
000000r 2                       .IFDEF  PC6502
000000r 2                       .DEFINE COMSUFFIX "COM"
000000r 2                       .ENDIF
000000r 2               
000000r 2                       .IFDEF  NHYODYNE
000000r 2                       .DEFINE COMSUFFIX "CO6"
000000r 2                       .ENDIF
000000r 2               
000000r 2               DEBUG           = 0
000000r 2               BANKED_DRIVER_DISPATCHER=$8800
000000r 2               
000000r 1               
000000r 1               BUFFER          = $0400         ; DISK BUFFER
000000r 1               
000000r 1               
000000r 1                       .SEGMENT "TEA"
000000r 1                       .ORG    $0800
000800  1               
000800  1  A9 BC                LDA     #<MSG
000802  1  85 41                STA     STRPTR
000804  1  A9 09                LDA     #>MSG
000806  1  85 42                STA     STRPTR+1
000808  1  20 54 09             JSR     OUTSTR
00080B  1               
00080B  1  A9 02                LDA     #02
00080D  1  85 32                STA     farfunct
00080F  1  20 F0 FF             JSR     DO_FARCALL
000812  1               
000812  1  C9 49                CMP     #'I'
000814  1  F0 39                BEQ     DO_IDE
000816  1               
000816  1  C9 4A                CMP     #'J'
000818  1  F0 28                BEQ     DO_2IDE
00081A  1               
00081A  1  C9 53                CMP     #'S'
00081C  1  F0 0C                BEQ     DO_SD
00081E  1               
00081E  1               ; ABORT
00081E  1  A9 81                LDA     #<ABORTMSG
000820  1  85 41                STA     STRPTR
000822  1  A9 0A                LDA     #>ABORTMSG
000824  1  85 42                STA     STRPTR+1
000826  1  20 54 09             JSR     OUTSTR
000829  1  00                   BRK
00082A  1               
00082A  1               DO_SD:
00082A  1  A9 47                LDA     #<SDMSG
00082C  1  85 41                STA     STRPTR
00082E  1  A9 0A                LDA     #>SDMSG
000830  1  85 42                STA     STRPTR+1
000832  1  20 54 09             JSR     OUTSTR
000835  1  A9 00                LDA     #$00
000837  1  8D 3D 06             STA     currentDrive
00083A  1  A9 41                LDA     #65
00083C  1  8D B5 0A             STA     FUNCTREF
00083F  1  4C 64 08             JMP     :++
000842  1               DO_2IDE:
000842  1  A9 01                LDA     #$01
000844  1  8D 3D 06             STA     currentDrive
000847  1  A9 3E                LDA     #62
000849  1  8D B5 0A             STA     FUNCTREF
00084C  1  4C 59 08             JMP     :+
00084F  1               
00084F  1               DO_IDE:
00084F  1  A9 00                LDA     #$00
000851  1  8D 3D 06             STA     currentDrive
000854  1  A9 3E                LDA     #62
000856  1  8D B5 0A             STA     FUNCTREF
000859  1               :
000859  1  A9 2D                LDA     #<IDEMSG
00085B  1  85 41                STA     STRPTR
00085D  1  A9 0A                LDA     #>IDEMSG
00085F  1  85 42                STA     STRPTR+1
000861  1  20 54 09             JSR     OUTSTR
000864  1               :
000864  1               
000864  1               ;   get SLICE
000864  1  A9 60                LDA     #<INPUTNUMBER
000866  1  85 41                STA     STRPTR
000868  1  A9 0A                LDA     #>INPUTNUMBER
00086A  1  85 42                STA     STRPTR+1
00086C  1  20 54 09             JSR     OUTSTR
00086F  1  20 EA 08             JSR     GETSTR
000872  1  20 2C 09             JSR     GETDECIMAL
000875  1  20 6D 09             JSR     TRANSLATESLICE
000878  1               
000878  1               ;   FILL BUFFER WITH $E5
000878  1  A9 E5                LDA     #$E5
00087A  1  A2 00                LDX     #$00
00087C  1               :
00087C  1  9D 00 04             STA     BUFFER,X
00087F  1  9D 00 05             STA     BUFFER+$100,X
000882  1  E8                   INX
000883  1  E0 00                CPX     #$00
000885  1  D0 F5                BNE     :-
000887  1               
000887  1               
000887  1               
000887  1  A9 00                LDA     #00
000889  1  85 32                STA     farfunct
00088B  1  A9 0D                LDA     #$0D
00088D  1  20 F0 FF             JSR     DO_FARCALL
000890  1  A9 0A                LDA     #$0A
000892  1  20 F0 FF             JSR     DO_FARCALL
000895  1               
000895  1  A2 00                LDX     #$00
000897  1  8E B6 0A             STX     COUNTER
00089A  1               LOOP:
00089A  1  A9 90                LDA     #<RUNMSG
00089C  1  85 41                STA     STRPTR
00089E  1  A9 0A                LDA     #>RUNMSG
0008A0  1  85 42                STA     STRPTR+1
0008A2  1  20 54 09             JSR     OUTSTR
0008A5  1  AD 11 06             LDA     debcylm
0008A8  1  20 9B 09             JSR     PRINT_BYTE
0008AB  1  AD 10 06             LDA     debcyll
0008AE  1  20 9B 09             JSR     PRINT_BYTE
0008B1  1  A9 00                LDA     #00
0008B3  1  85 32                STA     farfunct
0008B5  1  A9 0D                LDA     #$0D
0008B7  1  20 F0 FF             JSR     DO_FARCALL
0008BA  1               :
0008BA  1  8E 12 06             STX     debsehd
0008BD  1  E8                   INX
0008BE  1  AD B5 0A             LDA     FUNCTREF
0008C1  1  85 32                STA     farfunct
0008C3  1  20 F0 FF             JSR     DO_FARCALL
0008C6  1               
0008C6  1  E0 00                CPX     #$00
0008C8  1  D0 F0                BNE     :-
0008CA  1               
0008CA  1  EE 10 06             INC     debcyll
0008CD  1  D0 03                BNE     :+
0008CF  1  EE 11 06             INC     debcylm
0008D2  1               :
0008D2  1  EE B6 0A             INC     COUNTER
0008D5  1  AD B6 0A             LDA     COUNTER
0008D8  1  C9 3F                CMP     #$3F
0008DA  1  D0 BE                BNE     LOOP
0008DC  1               
0008DC  1  A9 A1                LDA     #<ENDMSG
0008DE  1  85 41                STA     STRPTR
0008E0  1  A9 0A                LDA     #>ENDMSG
0008E2  1  85 42                STA     STRPTR+1
0008E4  1  20 54 09             JSR     OUTSTR
0008E7  1               
0008E7  1  4C 00 B8             JMP     $B800
0008EA  1               
0008EA  1               
0008EA  1               ;__GETSTR______________________________________________________
0008EA  1               ;
0008EA  1               ; GET A STRING INTO BUFFER
0008EA  1               ;
0008EA  1               ;______________________________________________________________
0008EA  1               GETSTR:
0008EA  1  A2 00                LDX     #$00
0008EC  1               GETSTR_LOOP:
0008EC  1  A9 02                LDA     #02
0008EE  1  85 32                STA     farfunct
0008F0  1  20 F0 FF             JSR     DO_FARCALL
0008F3  1               
0008F3  1  C9 0D                CMP     #$0D
0008F5  1  F0 1E                BEQ     GETSTR_DONE
0008F7  1  C9 08                CMP     #$08
0008F9  1  F0 20                BEQ     GETSTR_DEL
0008FB  1  C9 30                CMP     #$30
0008FD  1  90 ED                BCC     GETSTR_LOOP
0008FF  1  C9 40                CMP     #$40
000901  1  B0 E9                BCS     GETSTR_LOOP
000903  1               
000903  1  48                   PHA
000904  1  A9 00                LDA     #00
000906  1  85 32                STA     farfunct
000908  1  68                   PLA
000909  1  20 F0 FF             JSR     DO_FARCALL
00090C  1               
00090C  1  29 0F                AND     #$0F
00090E  1  9D B7 0A             STA     CBUFF,X
000911  1  E8                   INX
000912  1  4C EC 08             JMP     GETSTR_LOOP
000915  1               GETSTR_DONE:
000915  1  A9 FF                LDA     #$FF
000917  1  9D B7 0A             STA     CBUFF,X
00091A  1  60                   RTS
00091B  1               GETSTR_DEL:
00091B  1  E0 00                CPX     #$00
00091D  1  F0 CD                BEQ     GETSTR_LOOP
00091F  1               
00091F  1  48                   PHA
000920  1  A9 00                LDA     #00
000922  1  85 32                STA     farfunct
000924  1  68                   PLA
000925  1  20 F0 FF             JSR     DO_FARCALL
000928  1               
000928  1  CA                   DEX
000929  1  4C EC 08             JMP     GETSTR_LOOP
00092C  1               
00092C  1               
00092C  1               
00092C  1               ;__GETDECIMAL__________________________________________________
00092C  1               ;
00092C  1               ; CONVERT A STRING (DECIMAL) TO A 8 BIT NUMBER IN TEMPWORD
00092C  1               ;
00092C  1               ;______________________________________________________________
00092C  1               GETDECIMAL:
00092C  1  A2 00                LDX     #$00
00092E  1  86 3B                STX     TEMPWORD
000930  1               
000930  1               GETDECIMAL_LOOP:
000930  1  BD B7 0A             LDA     CBUFF,X
000933  1  C9 FF                CMP     #$FF
000935  1  F0 1C                BEQ     GETDECIMAL_DONE
000937  1               
000937  1               ; MULTIPLY TEMPWORD*10
000937  1  A5 3B                LDA     TEMPWORD
000939  1  85 3D                STA     TEMPWORD1
00093B  1               
00093B  1  A5 3B                LDA     TEMPWORD
00093D  1  0A                   ASL     A               ;*2
00093E  1  0A                   ASL     A               ;*2
00093F  1  0A                   ASL     A               ;*2
000940  1               
000940  1  18                   CLC
000941  1  65 3D                ADC     TEMPWORD1
000943  1  65 3D                ADC     TEMPWORD1
000945  1  85 3B                STA     TEMPWORD        ; store sum
000947  1  BD B7 0A             LDA     CBUFF,X         ; add new decimal digit
00094A  1  E8                   INX
00094B  1  18                   CLC
00094C  1  65 3B                ADC     TEMPWORD
00094E  1  85 3B                STA     TEMPWORD        ; store sum
000950  1  4C 30 09             JMP     GETDECIMAL_LOOP
000953  1               GETDECIMAL_DONE:
000953  1  60                   RTS
000954  1               
000954  1               
000954  1               
000954  1               ;__OUTSTR______________________________________________________
000954  1               ;
000954  1               ; OUTPUT THE STRING POINTED TO BY OUTSTR TO THE SCREEN
000954  1               ;
000954  1               ;______________________________________________________________
000954  1               OUTSTR:
000954  1  A9 00                LDA     #00
000956  1  85 32                STA     farfunct
000958  1  A0 00                LDY     #$00            ; LOAD $00 INTO Y
00095A  1               OUTSTRLP:
00095A  1  B1 41                LDA     (STRPTR),Y      ; LOAD NEXT CHAR FROM STRING INTO ACC
00095C  1  C9 00                CMP     #$00            ; IS NULL?
00095E  1  F0 0C                BEQ     ENDOUTSTR       ; YES, END PRINT OUT
000960  1  20 F0 FF             JSR     DO_FARCALL
000963  1               
000963  1  E6 41                INC     STRPTR
000965  1  D0 F3                BNE     OUTSTRLP
000967  1  E6 42                INC     STRPTR+1
000969  1  4C 5A 09             JMP     OUTSTRLP        ; DO NEXT CHAR
00096C  1               ENDOUTSTR:
00096C  1  60                   RTS                     ; RETURN
00096D  1               
00096D  1               
00096D  1               TRANSLATESLICE:
00096D  1  A9 00                LDA     #$00            ; LOAD TRACK # (LOW BYTE)
00096F  1  8D 12 06             STA     debsehd         ; STORE IN SECTOR/HEAD
000972  1               
000972  1  A5 3B                LDA     TEMPWORD        ; GET SLICE#
000974  1  8D 11 06             STA     debcylm         ; SLICE OFFSET MSB
000977  1  A9 00                LDA     #0              ; GET SLICE#
000979  1  8D 10 06             STA     debcyll         ; SLICE OFFSET LSB
00097C  1  18                   CLC                     ; VOODOO MATH TO TAKE SLICE*$4000
00097D  1  6E 11 06             ROR     debcylm
000980  1  6E 10 06             ROR     debcyll
000983  1  6E 11 06             ROR     debcylm
000986  1  6E 10 06             ROR     debcyll
000989  1               
000989  1  A5 3B                LDA     TEMPWORD        ; GET SLICE#
00098B  1  18                   CLC
00098C  1  6D 10 06             ADC     debcyll
00098F  1  8D 10 06             STA     debcyll
000992  1  A9 00                LDA     #$00
000994  1  6D 11 06             ADC     debcylm
000997  1  8D 11 06             STA     debcylm
00099A  1  60                   RTS
00099B  1               
00099B  1               ;__PRINT_BYTE__________________________________________________
00099B  1               ;
00099B  1               ; PRINT OUT ACCUMULATOR AS HEX NUMBER
00099B  1               ;
00099B  1               ;______________________________________________________________
00099B  1               PRINT_BYTE:
00099B  1  48                   PHA                     ; SAVE A REGISTER
00099C  1  4A                   LSR     A               ; SHIFT HIGH NIBBLE TO LOW NIBBLE
00099D  1  4A                   LSR     A               ;
00099E  1  4A                   LSR     A               ;
00099F  1  4A                   LSR     A               ;
0009A0  1  18                   CLC                     ; CLEAR CARRY
0009A1  1  20 A8 09             JSR     PRINT_DIGIT     ; PRINT LOW NIBBLE
0009A4  1  68                   PLA                     ; RESTORE ACCUMULATOR
0009A5  1  4C A8 09             JMP     PRINT_DIGIT     ; PRINT LOW NIBBLE
0009A8  1               
0009A8  1               ;__PRINT_DIGIT_________________________________________________
0009A8  1               ;
0009A8  1               ; PRINT OUT LOW NIBBLE OF ACCUMULATOR IN HEX
0009A8  1               ;
0009A8  1               ;______________________________________________________________
0009A8  1               PRINT_DIGIT:
0009A8  1  29 0F                AND     #$0F            ; STRIP OFF HIGH NIBBLE
0009AA  1  09 30                ORA     #$30            ; ADD $30 TO PRODUCE ASCII
0009AC  1  C9 3A                CMP     #$3A            ; IS GREATER THAN 9
0009AE  1  30 03                BMI     :+              ; NO, SKIP ADD
0009B0  1  18                   CLC                     ; CLEAR CARRY
0009B1  1  69 07                ADC     #$07            ; ADD ON FOR LETTER VALUES
0009B3  1               :       ;
0009B3  1  48                   PHA
0009B4  1  A9 00                LDA     #00
0009B6  1  85 32                STA     farfunct
0009B8  1  68                   PLA
0009B9  1  4C F0 FF             JMP     DO_FARCALL
0009BC  1               
0009BC  1               MSG:
0009BC  1  0D 0A 43 4C          .BYTE   $0D,$0A,"CLEARDIR - CLEAR TRACKS ON SELECTED DEVICE",$0D,$0A,$0D,$0A
0009C0  1  45 41 52 44  
0009C4  1  49 52 20 2D  
0009EC  1  53 45 4C 45          .BYTE   "SELECT DRIVE:",$0D,$0A
0009F0  1  43 54 20 44  
0009F4  1  52 49 56 45  
0009FB  1  28 49 29 20          .BYTE   "(I) IDE PRIMARY",$0D,$0A
0009FF  1  49 44 45 20  
000A03  1  50 52 49 4D  
000A0C  1  28 4A 29 20          .BYTE   "(J) IDE SECONDARY",$0D,$0A
000A10  1  49 44 45 20  
000A14  1  53 45 43 4F  
000A1F  1  28 53 29 20          .BYTE   "(S) SD CARD",$0D,$0A
000A23  1  53 44 20 43  
000A27  1  41 52 44 0D  
000A2C  1  00                   .BYTE   0
000A2D  1               
000A2D  1               IDEMSG:
000A2D  1  0D 0A 43 4C          .BYTE   $0D,$0A,"CLEARING TRACKS ON IDE."
000A31  1  45 41 52 49  
000A35  1  4E 47 20 54  
000A46  1  00                   .BYTE   0
000A47  1               
000A47  1               
000A47  1               SDMSG:
000A47  1  0D 0A 43 4C          .BYTE   $0D,$0A,"CLEARING TRACKS ON SD."
000A4B  1  45 41 52 49  
000A4F  1  4E 47 20 54  
000A5F  1  00                   .BYTE   0
000A60  1               
000A60  1               
000A60  1               INPUTNUMBER:
000A60  1  0D 0A 57 48          .BYTE   $0D,$0A,"WHICH SLICE TO CLEAR? (0-255):"
000A64  1  49 43 48 20  
000A68  1  53 4C 49 43  
000A80  1  00                   .BYTE   0
000A81  1               
000A81  1               
000A81  1               ABORTMSG:
000A81  1  0D 0A 41 42          .BYTE   $0D,$0A,"ABORTED.",$0D,$0A,$0D,$0A
000A85  1  4F 52 54 45  
000A89  1  44 2E 0D 0A  
000A8F  1  00                   .BYTE   0
000A90  1               
000A90  1               RUNMSG:
000A90  1  43 4C 45 41          .BYTE   "CLEARING TRACK $"
000A94  1  52 49 4E 47  
000A98  1  20 54 52 41  
000AA0  1  00                   .BYTE   0
000AA1  1               
000AA1  1               ENDMSG:
000AA1  1  0D 0A 43 4C          .BYTE   $0D,$0A,"CLEAR COMPLETE.",$0D,$0A
000AA5  1  45 41 52 20  
000AA9  1  43 4F 4D 50  
000AB4  1  00                   .BYTE   0
000AB5  1               
000AB5  1               FUNCTREF:
000AB5  1  00                   .BYTE   0
000AB6  1               COUNTER:
000AB6  1  00                   .BYTE   0
000AB7  1               
000AB7  1               CBUFF:
000AB7  1  00 00 00 00          .BYTE   0,0,0,0,0,0,0,0,0
000ABB  1  00 00 00 00  
000ABF  1  00           
000AC0  1  00 00 00 00          .BYTE   0,0,0,0,0,0,0,0,0
000AC4  1  00 00 00 00  
000AC8  1  00           
000AC9  1  00 00 00 00          .BYTE   0,0,0,0,0,0,0,0,0
000ACD  1  00 00 00 00  
000AD1  1  00           
000AD2  1  00 00 00 00          .BYTE   0,0,0,0,0,0,0,0,0
000AD6  1  00 00 00 00  
000ADA  1  00           
000ADB  1  00 00 00 00          .BYTE   0,0,0,0,0,0,0,0,0
000ADF  1  00 00 00 00  
000AE3  1  00           
000AE4  1  00 00 00 00          .BYTE   0,0,0,0,0,0,0,0,0
000AE8  1  00 00 00 00  
000AEC  1  00           
000AED  1               
000AED  1               
000AED  1               
000AED  1               .END
