ca65 V2.18 - Ubuntu 2.19-1
Main file   : s19.asm
Current file: s19.asm

000000r 1               ;FIXED PARAMETERS
000000r 1               DFLFCB          = $107          ;DEFAULT FCB
000000r 1               PEM             = $103          ;PEM ENTRY
000000r 1               BOOT            = $100          ;WARM BOOT
000000r 1               TEA             = $800          ;EXECUTION ORG
000000r 1               CCMLNG          = 2048          ;CCM LENGTH
000000r 1               ;MAIN PROGRAM
000000r 1                       .SEGMENT "TEA"
000000r 1                       .ORG    $0800
000800  1               
000800  1  A0 00                LDY     #$00
000802  1               LOOP:
000802  1  B9 10 08             LDA     START,Y
000805  1  99 00 04             STA     $0400,Y
000808  1  C8                   INY
000809  1  C0 10                CPY     #$10
00080B  1  D0 F5                BNE     LOOP
00080D  1  4C 00 04             JMP     $0400
000810  1               START:
000810  1  20 F3 FF             JSR     $FFF3           ; CALL S19 LOADER FROM BIOS
000813  1  4C 00 01             JMP     BOOT
000816  1                       .END
