ca65 V2.18 - Ubuntu 2.19-1
Main file   : writeos.asm
Current file: writeos.asm

000000r 1               
000000r 1               ;__WRITEOS_________________________________________________________________________________________
000000r 1               ;
000000r 1               ;	WRITE OS ONTO BOOT TRACK OF SELECTED DRIVE
000000r 1               ;
000000r 1               ;	WRITTEN BY: DAN WERNER -- 1/1/2013
000000r 1               ;	updated for new BIOS   -- 2/5/2023
000000r 1               ;
000000r 1               ;__________________________________________________________________________________________________
000000r 1               ;
000000r 1               ; BIOS JUMP TABLE
000000r 1               WORKPTR         = $30           ; WORK POINTER FOR COMMAND PROCESSOR
000000r 1               farfunct        = $32           ; function to call in driver area
000000r 1               farpointer      = $33           ;
000000r 1               TEMPWORD        = $36           ;
000000r 1               TEMPWORD1       = $38           ;
000000r 1               COUNTER         = $45           ; COUNTER
000000r 1               PEM             = $103          ;PEM ENTRY
000000r 1               WARMBOOT        = $100          ;WARM BOOT
000000r 1               
000000r 1               sektrk          = $050C         ; seek track number
000000r 1               seksec          = $050E         ; seek sector number
000000r 1               debcyll         = $0510         ; DEBLOCKED CYLINDER LSB
000000r 1               debcylm         = $0511         ; DEBLOCKED CYLINDER MSB
000000r 1               debsehd         = $0512         ; DEBLOCKED SECTOR AND HEAD (HS)
000000r 1               sekdsk          = $0516         ; seek disk number
000000r 1               dskcfg          = $0517         ; 16 bytes disk configuration table
000000r 1               DSKUNIT         = $0528         ; seek disk number
000000r 1               slicetmp        = $0531         ; (word)
000000r 1               CURRENT_IDE_DRIVE = $0534
000000r 1               
000000r 1               STARTADDRESS    = $B800         ; OS DEST ADDRESS
000000r 1               STARTOS         = $B800         ; OS START ADDRESS
000000r 1               
000000r 1               INBUFFER        = $0200         ; DISK BUFFER
000000r 1               OSENDPAGE       = $E0           ; stop loading when we hit this page
000000r 1               BOOTCODESTART   = $0800         ; LOCATION BOOT CODE WILL RUN IN
000000r 1               DO_FARCALL      = $FFF0
000000r 1               
000000r 1               
000000r 1                       .SEGMENT "TEA"
000000r 1                       .ORG    $0800
000800  1               
000800  1  A9 E6                LDA     #<MSG
000802  1  A0 08                LDY     #>MSG
000804  1  A2 09                LDX     #9              ; intro message
000806  1  20 03 01             JSR     PEM
000809  1               
000809  1  A9 02                LDA     #02
00080B  1  85 32                STA     farfunct
00080D  1  20 F0 FF             JSR     DO_FARCALL
000810  1               
000810  1  C9 49                CMP     #'I'
000812  1  F0 3C                BEQ     DO_IDE
000814  1               
000814  1  C9 53                CMP     #'S'
000816  1  F0 10                BEQ     DO_SD
000818  1               
000818  1  C9 46                CMP     #'F'
00081A  1  F0 20                BEQ     DO_FL
00081C  1               
00081C  1               ; ABORT
00081C  1  A9 E1                LDA     #<ABORTMSG
00081E  1  A0 09                LDY     #>ABORTMSG
000820  1  A2 09                LDX     #9              ; intro message
000822  1  20 03 01             JSR     PEM
000825  1  4C 00 01             JMP     WARMBOOT
000828  1               
000828  1               DO_SD:
000828  1  A9 8A                LDA     #<SDMSG
00082A  1  A0 09                LDY     #>SDMSG
00082C  1  A2 09                LDX     #9              ; intro message
00082E  1  20 03 01             JSR     PEM
000831  1  A9 01                LDA     #$01
000833  1  8D 34 05             STA     CURRENT_IDE_DRIVE
000836  1  20 52 0A             JSR     sd_write_bootsector
000839  1  4C 61 08             JMP     DO_OS_WRITE
00083C  1               DO_FL:
00083C  1  A9 B2                LDA     #<FLMSG
00083E  1  A0 09                LDY     #>FLMSG
000840  1  A2 09                LDX     #9              ; intro message
000842  1  20 03 01             JSR     PEM
000845  1  A9 02                LDA     #$02
000847  1  8D 34 05             STA     CURRENT_IDE_DRIVE
00084A  1  20 78 0B             JSR     fl_write_bootsector
00084D  1  4C 61 08             JMP     DO_OS_WRITE
000850  1               
000850  1               DO_IDE:
000850  1  A9 59                LDA     #<IDEMSG
000852  1  A0 09                LDY     #>IDEMSG
000854  1  A2 09                LDX     #9              ; intro message
000856  1  20 03 01             JSR     PEM
000859  1  A9 00                LDA     #$00
00085B  1  8D 34 05             STA     CURRENT_IDE_DRIVE
00085E  1  20 DD 0A             JSR     ide_write_bootsector
000861  1               
000861  1               
000861  1               DO_OS_WRITE:
000861  1  A9 00                LDA     #$00
000863  1  8D 11 05             STA     debcylm         ; SET BOOT CODE LOCATION
000866  1  8D 10 05             STA     debcyll         ; SET BOOT CODE LOCATION
000869  1  A9 01                LDA     #$01            ;
00086B  1  8D 12 05             STA     debsehd         ; SET BOOT CODE LOCATION
00086E  1               ;
00086E  1  A9 00                LDA     #<STARTADDRESS  ; SETUP OS LOAD LOCATION
000870  1  85 38                STA     TEMPWORD1       ;
000872  1  A9 B8                LDA     #>STARTADDRESS  ;
000874  1  85 39                STA     TEMPWORD1 +1    ;
000876  1               
000876  1               BOOTLOOP:
000876  1  A9 00                LDA     #<INBUFFER      ; SETUP DISK BUFFER
000878  1  85 30                STA     WORKPTR         ;
00087A  1  A9 02                LDA     #>INBUFFER      ;
00087C  1  85 31                STA     WORKPTR +1      ;
00087E  1               ;
00087E  1  A0 00                LDY     #$00            ;
000880  1               :
000880  1  B1 38                LDA     (TEMPWORD1),Y   ;
000882  1  91 30                STA     (WORKPTR),Y     ;
000884  1  C8                   INY                     ;
000885  1  D0 F9                BNE     :-              ;
000887  1  E6 39                INC     TEMPWORD1+1     ;
000889  1  E6 31                INC     WORKPTR+1       ;
00088B  1               :
00088B  1  B1 38                LDA     (TEMPWORD1),Y   ;
00088D  1  91 30                STA     (WORKPTR),Y     ;
00088F  1  C8                   INY                     ;
000890  1  D0 F9                BNE     :-              ;
000892  1               
000892  1  AD 34 05             LDA     CURRENT_IDE_DRIVE
000895  1  C9 00                CMP     #$00
000897  1  D0 0A                BNE     :+
000899  1  A9 3E                LDA     #62             ; IDE_WRITE_SECTOR
00089B  1  85 32                STA     farfunct
00089D  1  20 F0 FF             JSR     DO_FARCALL
0008A0  1  4C B8 08             JMP     BOOTCONTINUE
0008A3  1               :
0008A3  1  C9 01                CMP     #$01
0008A5  1  D0 0A                BNE     :+
0008A7  1  A9 41                LDA     #65             ;PPP_WRITE_SECTOR
0008A9  1  85 32                STA     farfunct
0008AB  1  20 F0 FF             JSR     DO_FARCALL
0008AE  1  4C B8 08             JMP     BOOTCONTINUE
0008B1  1               :
0008B1  1  A9 44                LDA     #68             ; FL_WRITE_SECTOR
0008B3  1  85 32                STA     farfunct
0008B5  1  20 F0 FF             JSR     DO_FARCALL
0008B8  1               
0008B8  1               BOOTCONTINUE:
0008B8  1  E6 39                INC     TEMPWORD1+1     ;
0008BA  1  A5 39                LDA     TEMPWORD1+1     ;
0008BC  1  C9 E0                CMP     #OSENDPAGE
0008BE  1  F0 23                BEQ     EXITBOOT        ;
0008C0  1  C9 E1                CMP     #OSENDPAGE+1
0008C2  1  F0 1F                BEQ     EXITBOOT        ;
0008C4  1  EE 12 05             INC     debsehd         ;
0008C7  1  AD 34 05             LDA     CURRENT_IDE_DRIVE
0008CA  1  C9 02                CMP     #$02
0008CC  1  F0 03                BEQ     FLINC
0008CE  1  4C 76 08             JMP     BOOTLOOP        ;
0008D1  1               FLINC:
0008D1  1               ; INC FOR FLOPPY DEVICES (9 sectors)
0008D1  1  AD 12 05             LDA     debsehd
0008D4  1  C9 09                CMP     #$09
0008D6  1  D0 9E                BNE     BOOTLOOP
0008D8  1  EE 10 05             INC     debcyll
0008DB  1  A9 00                LDA     #00
0008DD  1  8D 12 05             STA     debsehd
0008E0  1  4C 76 08             JMP     BOOTLOOP
0008E3  1               
0008E3  1               EXITBOOT:
0008E3  1  4C 00 01             JMP     WARMBOOT
0008E6  1               
0008E6  1               
0008E6  1               MSG:
0008E6  1  0D 0A 57 52          .BYTE   $0D,$0A,"WRITEOS - WRITE DOS/65 FROM MEMORY TO BOOT TRACK",$0D,$0A,$0D,$0A
0008EA  1  49 54 45 4F  
0008EE  1  53 20 2D 20  
00091C  1  53 45 4C 45          .BYTE   "SELECT DRIVE:",$0D,$0A
000920  1  43 54 20 44  
000924  1  52 49 56 45  
00092B  1  28 49 29 20          .BYTE   "(I) IDE PRIMARY",$0D,$0A
00092F  1  49 44 45 20  
000933  1  50 52 49 4D  
00093C  1  28 53 29 20          .BYTE   "(S) SD CARD",$0D,$0A
000940  1  53 44 20 43  
000944  1  41 52 44 0D  
000949  1  28 46 29 20          .BYTE   "(F) FLOPPY A:",$0D,$0A
00094D  1  46 4C 4F 50  
000951  1  50 59 20 41  
000958  1  24                   .BYTE   "$"
000959  1               
000959  1               IDEMSG:
000959  1  0D 0A 57 52          .BYTE   $0D,$0A,"WRITING DOS/65 FROM MEMORY TO PRIMARY IDE.",$0D,$0A,$0D,$0A
00095D  1  49 54 49 4E  
000961  1  47 20 44 4F  
000989  1  24                   .BYTE   "$"
00098A  1               
00098A  1               SDMSG:
00098A  1  0D 0A 57 52          .BYTE   $0D,$0A,"WRITING DOS/65 FROM MEMORY TO SD.",$0D,$0A,$0D,$0A
00098E  1  49 54 49 4E  
000992  1  47 20 44 4F  
0009B1  1  24                   .BYTE   "$"
0009B2  1               
0009B2  1               FLMSG:
0009B2  1  0D 0A 57 52          .BYTE   $0D,$0A,"WRITING DOS/65 FROM MEMORY TO FLOPPY A:.",$0D,$0A,$0D,$0A
0009B6  1  49 54 49 4E  
0009BA  1  47 20 44 4F  
0009E0  1  24                   .BYTE   "$"
0009E1  1               
0009E1  1               
0009E1  1               ABORTMSG:
0009E1  1  0D 0A 41 42          .BYTE   $0D,$0A,"ABORTED.",$0D,$0A,$0D,$0A
0009E5  1  4F 52 54 45  
0009E9  1  44 2E 0D 0A  
0009EF  1  24                   .BYTE   "$"
0009F0  1               
0009F0  1               ;_______________________________________________________________
0009F0  1               sd_bootsector_image:
0009F0  1               ; RELOACTE CODE FROM DISK BUFFER, AND JUMP
0009F0  1  A2 00                LDX     #$00
0009F2  1               :
0009F2  1  BD 00 02             LDA     INBUFFER,x
0009F5  1  9D 00 08             STA     BOOTCODESTART,x
0009F8  1  BD 00 03             LDA     INBUFFER+$100,x
0009FB  1  9D 00 09             STA     BOOTCODESTART+$100,x
0009FE  1  E8                   INX
0009FF  1  E0 00                CPX     #$00
000A01  1  D0 EF                BNE     :-
000A03  1  4C 16 08             JMP     BOOTCODESTART+(SDBOOT-sd_bootsector_image)
000A06  1               ; PERFORM SYSTEM BOOT  -- CODE MUST BE RELOCATABLE!
000A06  1               SDBOOT:
000A06  1  A9 00                LDA     #$00
000A08  1  8D 11 05             STA     debcylm         ; SET BOOT CODE LOCATION
000A0B  1  8D 10 05             STA     debcyll         ; SET BOOT CODE LOCATION
000A0E  1  A9 01                LDA     #$01            ;
000A10  1  8D 12 05             STA     debsehd         ; SET BOOT CODE LOCATION
000A13  1               ;
000A13  1  A9 00                LDA     #<STARTADDRESS  ; SETUP OS LOAD LOCATION
000A15  1  85 38                STA     TEMPWORD1       ;
000A17  1  A9 B8                LDA     #>STARTADDRESS  ;
000A19  1  85 39                STA     TEMPWORD1+1     ;
000A1B  1               SDBOOTLOOP:
000A1B  1  A9 00                LDA     #<INBUFFER      ; SETUP DISK BUFFER
000A1D  1  85 30                STA     WORKPTR         ;
000A1F  1  A9 02                LDA     #>INBUFFER      ;
000A21  1  85 31                STA     WORKPTR +1      ;
000A23  1               ;
000A23  1  A9 40                LDA     #64             ;PPP_READ_SECTOR
000A25  1  85 32                STA     farfunct
000A27  1  20 F0 FF             JSR     DO_FARCALL
000A2A  1  A0 00                LDY     #$00            ;
000A2C  1               :
000A2C  1  B1 30                LDA     (WORKPTR),Y     ;
000A2E  1  91 38                STA     (TEMPWORD1),Y   ;
000A30  1  C8                   INY                     ;
000A31  1  D0 F9                BNE     :-              ;
000A33  1  E6 39                INC     TEMPWORD1+1     ;
000A35  1  E6 31                INC     WORKPTR+1
000A37  1               :
000A37  1  B1 30                LDA     (WORKPTR),Y     ;
000A39  1  91 38                STA     (TEMPWORD1),Y   ;
000A3B  1  C8                   INY                     ;
000A3C  1  D0 F9                BNE     :-              ;
000A3E  1  E6 39                INC     TEMPWORD1+1     ;
000A40  1  A5 39                LDA     TEMPWORD1+1
000A42  1  C9 E0                CMP     #OSENDPAGE
000A44  1  F0 09                BEQ     :+              ;
000A46  1  C9 E1                CMP     #OSENDPAGE+1
000A48  1  F0 05                BEQ     :+              ;
000A4A  1  EE 12 05             INC     debsehd         ;
000A4D  1  D0 CC                BNE     SDBOOTLOOP      ;
000A4F  1               :
000A4F  1  4C 00 B8             JMP     STARTOS         ; RUN THE OS
000A52  1               ;_______________________________________________________________
000A52  1               sd_write_bootsector:
000A52  1  A2 00                LDX     #$00
000A54  1               :
000A54  1  BD F0 09             LDA     sd_bootsector_image,x
000A57  1  9D 00 02             STA     INBUFFER,x
000A5A  1  BD F0 0A             LDA     sd_bootsector_image+$100,x
000A5D  1  9D 00 03             STA     INBUFFER+$100,x
000A60  1  E8                   INX
000A61  1  E0 00                CPX     #$00
000A63  1  D0 EF                BNE     :-
000A65  1               
000A65  1  A9 00                LDA     #$00
000A67  1  8D 11 05             STA     debcylm         ; SET BOOT CODE LOCATION
000A6A  1  8D 10 05             STA     debcyll         ; SET BOOT CODE LOCATION
000A6D  1  8D 12 05             STA     debsehd         ; SET BOOT CODE LOCATION
000A70  1  A9 41                LDA     #65             ;PPP_WRITE_SECTOR
000A72  1  85 32                STA     farfunct
000A74  1  20 F0 FF             JSR     DO_FARCALL
000A77  1  60                   RTS
000A78  1               
000A78  1               ;_______________________________________________________________
000A78  1               ide_bootsector_image:
000A78  1               ; RELOACTE CODE FROM DISK BUFFER, AND JUMP
000A78  1  A2 00                LDX     #$00
000A7A  1               :
000A7A  1  BD 00 02             LDA     INBUFFER,x
000A7D  1  9D 00 08             STA     BOOTCODESTART,x
000A80  1  BD 00 03             LDA     INBUFFER+$100,x
000A83  1  9D 00 09             STA     BOOTCODESTART+$100,x
000A86  1  E8                   INX
000A87  1  E0 00                CPX     #$00
000A89  1  D0 EF                BNE     :-
000A8B  1  4C 16 08             JMP     BOOTCODESTART+(IDEBOOT-ide_bootsector_image)
000A8E  1               ; PERFORM SYSTEM BOOT  -- CODE MUST BE RELOCATABLE!
000A8E  1               IDEBOOT:
000A8E  1  A9 00                LDA     #$00
000A90  1  8D 34 05             STA     CURRENT_IDE_DRIVE
000A93  1  8D 11 05             STA     debcylm         ; SET BOOT CODE LOCATION
000A96  1  8D 10 05             STA     debcyll         ; SET BOOT CODE LOCATION
000A99  1  A9 01                LDA     #$01            ;
000A9B  1  8D 12 05             STA     debsehd         ; SET BOOT CODE LOCATION
000A9E  1               ;
000A9E  1  A9 00                LDA     #<STARTADDRESS  ; SETUP OS LOAD LOCATION
000AA0  1  85 38                STA     TEMPWORD1       ;
000AA2  1  A9 B8                LDA     #>STARTADDRESS  ;
000AA4  1  85 39                STA     TEMPWORD1+1     ;
000AA6  1               IDEBOOTLOOP:
000AA6  1  A9 00                LDA     #<INBUFFER      ; SETUP DISK BUFFER
000AA8  1  85 30                STA     WORKPTR         ;
000AAA  1  A9 02                LDA     #>INBUFFER      ;
000AAC  1  85 31                STA     WORKPTR +1      ;
000AAE  1               ;
000AAE  1  A9 3D                LDA     #61             ;IDE_READ_SECTOR
000AB0  1  85 32                STA     farfunct
000AB2  1  20 F0 FF             JSR     DO_FARCALL
000AB5  1  A0 00                LDY     #$00            ;
000AB7  1               :
000AB7  1  B1 30                LDA     (WORKPTR),Y     ;
000AB9  1  91 38                STA     (TEMPWORD1),Y   ;
000ABB  1  C8                   INY                     ;
000ABC  1  D0 F9                BNE     :-              ;
000ABE  1  E6 39                INC     TEMPWORD1+1     ;
000AC0  1  E6 31                INC     WORKPTR+1
000AC2  1               :
000AC2  1  B1 30                LDA     (WORKPTR),Y     ;
000AC4  1  91 38                STA     (TEMPWORD1),Y   ;
000AC6  1  C8                   INY                     ;
000AC7  1  D0 F9                BNE     :-              ;
000AC9  1  E6 39                INC     TEMPWORD1+1     ;
000ACB  1  A5 39                LDA     TEMPWORD1+1
000ACD  1  C9 E0                CMP     #OSENDPAGE
000ACF  1  F0 09                BEQ     :+              ;
000AD1  1  C9 E1                CMP     #OSENDPAGE+1
000AD3  1  F0 05                BEQ     :+              ;
000AD5  1  EE 12 05             INC     debsehd         ;
000AD8  1  D0 CC                BNE     IDEBOOTLOOP     ;
000ADA  1               :
000ADA  1  4C 00 B8             JMP     STARTOS         ; RUN THE OS
000ADD  1               ;_______________________________________________________________
000ADD  1               ide_write_bootsector:
000ADD  1  A2 00                LDX     #$00
000ADF  1               :
000ADF  1  BD 78 0A             LDA     ide_bootsector_image,x
000AE2  1  9D 00 02             STA     INBUFFER,x
000AE5  1  BD 78 0B             LDA     ide_bootsector_image+$100,x
000AE8  1  9D 00 03             STA     INBUFFER+$100,x
000AEB  1  E8                   INX
000AEC  1  E0 00                CPX     #$00
000AEE  1  D0 EF                BNE     :-
000AF0  1               
000AF0  1  A9 00                LDA     #$00
000AF2  1  8D 11 05             STA     debcylm         ; SET BOOT CODE LOCATION
000AF5  1  8D 10 05             STA     debcyll         ; SET BOOT CODE LOCATION
000AF8  1  8D 12 05             STA     debsehd         ; SET BOOT CODE LOCATION
000AFB  1  A9 3E                LDA     #62             ; IDE_WRITE_SECTOR
000AFD  1  85 32                STA     farfunct
000AFF  1  20 F0 FF             JSR     DO_FARCALL
000B02  1  60                   RTS
000B03  1               
000B03  1               ;_______________________________________________________________
000B03  1               fl_bootsector_image:
000B03  1               ; RELOACTE CODE FROM DISK BUFFER, AND JUMP
000B03  1  A2 00                LDX     #$00
000B05  1               :
000B05  1  BD 00 02             LDA     INBUFFER,x
000B08  1  9D 00 08             STA     BOOTCODESTART,x
000B0B  1  BD 00 03             LDA     INBUFFER+$100,x
000B0E  1  9D 00 09             STA     BOOTCODESTART+$100,x
000B11  1  E8                   INX
000B12  1  E0 00                CPX     #$00
000B14  1  D0 EF                BNE     :-
000B16  1  4C 16 08             JMP     BOOTCODESTART+(FLBOOT-fl_bootsector_image)
000B19  1               ; PERFORM SYSTEM BOOT  -- CODE MUST BE RELOCATABLE!
000B19  1               FLBOOT:
000B19  1  A9 00                LDA     #$00
000B1B  1  8D 16 05             STA     sekdsk
000B1E  1  8D 11 05             STA     debcylm         ; SET BOOT CODE LOCATION
000B21  1  8D 10 05             STA     debcyll         ; SET BOOT CODE LOCATION
000B24  1  A9 01                LDA     #$01            ;
000B26  1  8D 12 05             STA     debsehd         ; SET BOOT CODE LOCATION
000B29  1               ;
000B29  1  A9 00                LDA     #<STARTADDRESS  ; SETUP OS LOAD LOCATION
000B2B  1  85 38                STA     TEMPWORD1       ;
000B2D  1  A9 B8                LDA     #>STARTADDRESS  ;
000B2F  1  85 39                STA     TEMPWORD1+1     ;
000B31  1               FLBOOTLOOP:
000B31  1  A9 00                LDA     #<INBUFFER      ; SETUP DISK BUFFER
000B33  1  85 30                STA     WORKPTR         ;
000B35  1  A9 02                LDA     #>INBUFFER      ;
000B37  1  85 31                STA     WORKPTR +1      ;
000B39  1               ;
000B39  1  A9 43                LDA     #67             ; FL_READ_SECTOR
000B3B  1  85 32                STA     farfunct
000B3D  1  20 F0 FF             JSR     DO_FARCALL
000B40  1  A0 00                LDY     #$00            ;
000B42  1               :
000B42  1  B1 30                LDA     (WORKPTR),Y     ;
000B44  1  91 38                STA     (TEMPWORD1),Y   ;
000B46  1  C8                   INY                     ;
000B47  1  D0 F9                BNE     :-              ;
000B49  1  E6 39                INC     TEMPWORD1+1     ;
000B4B  1  E6 31                INC     WORKPTR+1
000B4D  1               :
000B4D  1  B1 30                LDA     (WORKPTR),Y     ;
000B4F  1  91 38                STA     (TEMPWORD1),Y   ;
000B51  1  C8                   INY                     ;
000B52  1  D0 F9                BNE     :-              ;
000B54  1  E6 39                INC     TEMPWORD1+1     ;
000B56  1  A5 39                LDA     TEMPWORD1+1
000B58  1  C9 E0                CMP     #OSENDPAGE
000B5A  1  F0 19                BEQ     :+              ;
000B5C  1  C9 E1                CMP     #OSENDPAGE+1
000B5E  1  F0 15                BEQ     :+              ;
000B60  1  EE 12 05             INC     debsehd         ;
000B63  1  AD 12 05             LDA     debsehd
000B66  1  C9 09                CMP     #$09
000B68  1  D0 C7                BNE     FLBOOTLOOP      ;
000B6A  1  A9 00                LDA     #$00
000B6C  1  8D 12 05             STA     debsehd
000B6F  1  EE 10 05             INC     debcyll
000B72  1  4C 31 0B             JMP     FLBOOTLOOP      ;
000B75  1               :
000B75  1  4C 00 B8             JMP     STARTOS         ; RUN THE OS
000B78  1               ;_______________________________________________________________
000B78  1               fl_write_bootsector:
000B78  1  A2 00                LDX     #$00
000B7A  1               :
000B7A  1  BD 03 0B             LDA     fl_bootsector_image,x
000B7D  1  9D 00 02             STA     INBUFFER,x
000B80  1  BD 03 0C             LDA     fl_bootsector_image+$100,x
000B83  1  9D 00 03             STA     INBUFFER+$100,x
000B86  1  E8                   INX
000B87  1  E0 00                CPX     #$00
000B89  1  D0 EF                BNE     :-
000B8B  1               
000B8B  1  A9 00                LDA     #$00
000B8D  1  8D 16 05             STA     sekdsk
000B90  1  8D 11 05             STA     debcylm         ; SET BOOT CODE LOCATION
000B93  1  8D 10 05             STA     debcyll         ; SET BOOT CODE LOCATION
000B96  1  8D 12 05             STA     debsehd         ; SET BOOT CODE LOCATION
000B99  1  A9 44                LDA     #68             ; FL_WRITE_SECTOR
000B9B  1  85 32                STA     farfunct
000B9D  1  20 F0 FF             JSR     DO_FARCALL      ;
000BA0  1  60                   RTS
000BA1  1               
000BA1  1               
000BA1  1               
000BA1  1                       .END
