ca65 V2.18 - Ubuntu 2.19-1
Main file   : bios_video.asm
Current file: bios_video.asm

000000r 1               ;__VIDEO DRIVERS________________________________________________________________________________________________________________
000000r 1               ;
000000r 1               ; 	Video drivers for the memory mapped video card
000000r 1               ;
000000r 1               ;	Entry points:
000000r 1               ;		VIDEOINIT   - called during OS init
000000r 1               ;		WRVID	    - write a byte to video port  ('A' POINTS TO BYTE)
000000r 1               ;		SETXY	    - Set the xy position of the cursor (X=X,Y=Y)
000000r 1               ;		CLEARSCREEN - Set the xy position of the cursor (X=X,Y=Y)
000000r 1               ;		SETCOLOR    - Set the xy position of the cursor (X=X,Y=Y)
000000r 1               ;________________________________________________________________________________________________________________________________
000000r 1               ;
000000r 1               
000000r 1                       .SEGMENT "TEA"
000000r 1                       .ORG    $1000
001000  1               
001000  1                       VIDEOBANK = $F8
001000  1                       TEMPWORD = $35
001000  1                       PC6502_ACT_TASK  = $EFE0
001000  1               ; DATA STORAGE
001000  1               CURX:
001000  1  00                   .BYTE   00
001001  1               CURY:
001001  1  00                   .BYTE   00
001002  1               SHOWCRSR:
001002  1  01                   .BYTE   01
001003  1               
001003  1               CURCOLOR:
001003  1  1E                   .BYTE   $1E
001004  1               CSRCOLOR:
001004  1  E1                   .BYTE   $E1
001005  1               
001005  1               VIDEOMODE:
001005  1  01                   .BYTE   01              ; 00=40 COL, 01=80 COL
001006  1               
001006  1               VIDEOWORK:
001006  1  00 00 00 00          .BYTE   00,00,00,00,00,00
00100A  1  00 00        
00100C  1               ;*
00100C  1               ;* MEMORY MAP
00100C  1               ;  VIDEO CARD IS A 32K AREA
00100C  1               ;  $0x00 0x01=soft_scanline_emulation, 0x02 NO soft_scanline_emulation
00100C  1               ;  $0x01 0x01=page1, 0x02 page2
00100C  1               ;  $0x02  character generator write offset (data << 3)
00100C  1               ;  $0x03 character generator write DATA
00100C  1               ;  $0x04 EXECUTE device command
00100C  1               ;        0x00- reset to the default configuration
00100C  1               ;        0x01- reset to the saved configuration
00100C  1               ;	0x02- save the current configuration
00100C  1               ;
00100C  1               ;  $0x05  0x01=soft_text=true, 0x02=soft_text=false
00100C  1               ;  $0x06 Lores Mode=0X01,NO lores Mode=0x02
00100C  1               ;  $0x07 Double Lores Mode=0X01,NO Double lores Mode=0x02
00100C  1               ;  $0x08 Hires Mode=0X01,NO Hires Mode=0x02
00100C  1               ;  $0x09 Double Hires Mode=0X01,NO Double Hires lores Mode=0x02
00100C  1               ;  $0x0A 80COL Mode=0X01,NO 80COL Mode=0x02
00100C  1               ;  $0x0B MIXED Mode=0X01,NO MIXED Mode=0x02
00100C  1               ;  $0x0C QUAD Hires Mode=0X01,NO QUAD Hires lores Mode=0x02
00100C  1               ;  $0x0D MONO Hires Mode=0X01,NO MONO Hires lores Mode=0x02
00100C  1               ;
00100C  1               ; 	VRAM Memory Map
00100C  1               ;	$1000-$177F	40/80 Text Page 1
00100C  1               ;	$1800-$1F7F	40/80 Color Page 1
00100C  1               ;	$2000-$277F	40/80 Text Page 2
00100C  1               ;	$2800-$2F7F	40/80 Color Page 2
00100C  1               ;	$2000-$5FFF	HIRES PAGE 1
00100C  1               ;	$6000-$8FFF	HIRES PAGE 2
00100C  1               ;	$2000-$BFFF	DOUBLE HIRES
00100C  1               ;*
00100C  1               
00100C  1               START:
00100C  1  A9 01                LDA     #$01
00100E  1  8D E0 EF             STA     PC6502_ACT_TASK ; SET ACTIVE TASK TO 01
001011  1               
001011  1  20 03 11             JSR     VIDEOINIT
001014  1               
001014  1               :
001014  1  AE 02 11             LDX     TMP
001017  1  BD 35 10             LDA     BANNER,X
00101A  1  C9 00                CMP     #$00
00101C  1  F0 09                BEQ     :+
00101E  1  20 83 11             JSR     WRVID
001021  1  EE 02 11             INC     TMP
001024  1  4C 14 10             JMP     :-
001027  1               :
001027  1               
001027  1  20 D9 12             JSR     RDSER1W
00102A  1  C9 1B                CMP     #27
00102C  1  F0 06                beq     :+
00102E  1  20 83 11             JSR     WRVID
001031  1  4C 27 10             JMP     :-
001034  1               :
001034  1  00                   BRK
001035  1               
001035  1               
001035  1               BANNER:
001035  1  20 20 5F 5F          .BYTE   "  __  ____   ___ ____    ___  ___",$0D,$0A
001039  1  20 20 5F 5F  
00103D  1  5F 5F 20 20  
001058  1  20 2F 20 2F          .BYTE   " / /_| ___| / _ \___ \  / _ \/ __\",$0D,$0A
00105C  1  5F 7C 20 5F  
001060  1  5F 5F 7C 20  
00107C  1  7C 20 27 5F          .BYTE   "| '_ \___ \| | | |__) |/ /_)/ /",$0D,$0A
001080  1  20 5C 5F 5F  
001084  1  5F 20 5C 7C  
00109D  1  7C 20 28 5F          .BYTE   "| (_) |__) | |_| / __// ___/ /___",$0D,$0A
0010A1  1  29 20 7C 5F  
0010A5  1  5F 29 20 7C  
0010C0  1  20 5C 5F 5F          .BYTE   " \___/____/ \___/_____\/   \____/",$0D,$0A,$0D,$0A
0010C4  1  5F 2F 5F 5F  
0010C8  1  5F 5F 2F 20  
0010E5  1  54 48 49 53          .BYTE   "THIS",08,08,08,08,"THAT WAS A TEST XX",08,08,00
0010E9  1  08 08 08 08  
0010ED  1  54 48 41 54  
001102  1               TMP:
001102  1  00                   .BYTE   $00
001103  1               ;__VIDEOINIT____________________________________________________________________________________________________________________
001103  1               ;
001103  1               ;	INITIALIZE VIDEO CARD
001103  1               ;________________________________________________________________________________________________________________________________
001103  1               ;
001103  1               VIDEOINIT:
001103  1  A9 01                LDA     #$01            ; MODIFY TASK 01 (DRIVER TASK)
001105  1  A2 0B                LDX     #$0B            ; MAP $BXXX
001107  1  A0 F8                LDY     #VIDEOBANK      ; TO $F8XXX
001109  1  20 F6 FF             JSR     $FFF6           ; CALL SETPAGE
00110C  1               
00110C  1  A9 02                LDA     #$02
00110E  1  8D 06 B0             STA     $B006           ; CLEAR LORES MODE
001111  1  8D 07 B0             STA     $B007           ; CLEAR DOUBLE LORES MODE
001114  1  8D 08 B0             STA     $B008           ; CLEAR HIRES MODE
001117  1  8D 09 B0             STA     $B009           ; CLEAR DOUBLE HIRES MODE
00111A  1  8D 0B B0             STA     $B00B           ; CLEAR MIXED MODE
00111D  1  8D 0C B0             STA     $B00C           ; CLEAR QUAD HIRES MODE
001120  1  8D 0D B0             STA     $B00D           ; CLEAR MONO MODE
001123  1               
001123  1  A9 01                LDA     #$01
001125  1  8D 01 B0             STA     $B001           ; SET TEXT MODE PAGE 1
001128  1  8D 05 B0             STA     $B005           ; SET TEXT MODE
00112B  1  8D 0A B0             STA     $B00A           ; SET 80COL MODE
00112E  1               
00112E  1  20 32 11             JSR     CLEARSCREEN
001131  1  60                   RTS
001132  1               
001132  1               ;__CLEARSCREEN___________________________________________________________________________________________________________________
001132  1               ;
001132  1               ;	CLEAR VIDEO CARD SCREEN
001132  1               ;________________________________________________________________________________________________________________________________
001132  1               ;
001132  1               CLEARSCREEN:
001132  1  A9 01                LDA     #$01            ; MODIFY TASK 01 (DRIVER TASK)
001134  1  A2 0B                LDX     #$0B            ; MAP $BXXX
001136  1  A0 F9                LDY     #VIDEOBANK+1    ; TO $F8XXX
001138  1  20 F6 FF             JSR     $FFF6           ; CALL SETPAGE
00113B  1               
00113B  1  A9 00                LDA     #$00
00113D  1  85 35                STA     TEMPWORD
00113F  1  A9 B0                LDA     #$B0
001141  1  85 36                STA     TEMPWORD+1
001143  1  A0 00                LDY     #$00
001145  1               ; CLEAR CHAR RAM
001145  1               :
001145  1  A9 20                LDA     #32
001147  1  91 35                STA     (TEMPWORD),Y
001149  1  E6 35                INC     TEMPWORD
00114B  1  D0 F8                BNE     :-
00114D  1  E6 36                INC     TEMPWORD+1
00114F  1  A5 36                LDA     TEMPWORD+1
001151  1  C9 B8                CMP     #$B8
001153  1  D0 F0                BNE     :-
001155  1               ; CLEAR COLOR   RAM
001155  1               :
001155  1  AD 03 10             LDA     CURCOLOR
001158  1  91 35                STA     (TEMPWORD),Y
00115A  1  E6 35                INC     TEMPWORD
00115C  1  D0 F7                BNE     :-
00115E  1  E6 36                INC     TEMPWORD+1
001160  1  A5 36                LDA     TEMPWORD+1
001162  1  C9 C0                CMP     #$C0
001164  1  D0 EF                BNE     :-
001166  1               
001166  1  A9 00                LDA     #$00
001168  1  8D 00 10             STA     CURX
00116B  1  8D 01 10             STA     CURY
00116E  1               
00116E  1  AD 04 10             LDA     CSRCOLOR
001171  1  8D 00 B8             STA     $B800
001174  1  60                   RTS
001175  1               
001175  1               ;__SETCOLOR______________________________________________________________________________________________________________________
001175  1               ;
001175  1               ;	SET COLOR AND CURSOR COLOR
001175  1               ;       X= COLOR
001175  1               ;       Y= CURSOR COLOR
001175  1               ;________________________________________________________________________________________________________________________________
001175  1               ;
001175  1               SETCOLOR:
001175  1  8E 03 10             STX     CURCOLOR
001178  1  8C 04 10             STY     CSRCOLOR
00117B  1  60                   RTS
00117C  1               
00117C  1               ;__SETXY_________________________________________________________________________________________________________________________
00117C  1               ;
00117C  1               ;	SET CURSOR POSITION
00117C  1               ;       X= X POSITION
00117C  1               ;       Y= Y POSITION
00117C  1               ;________________________________________________________________________________________________________________________________
00117C  1               ;
00117C  1               SETXY:
00117C  1  8E 00 10             STX     CURX
00117F  1  8C 01 10             STY     CURY
001182  1  60                   RTS
001183  1               
001183  1               ;__WRVID_________________________________________________________________________________________________________________________
001183  1               ;
001183  1               ;	WRITE CHARACTER(A) TO VIDEO AT CURRENT X AND Y
001183  1               ;________________________________________________________________________________________________________________________________
001183  1               ;
001183  1               WRVID:
001183  1               ; NEED TO ADD A CHECK FOR SCROLL
001183  1  C9 0D                CMP     #$0D
001185  1  D0 0B                BNE     :+
001187  1  20 3F 12             JSR     UNPAINTCURSOR
00118A  1  A9 00                LDA     #$00
00118C  1  8D 00 10             STA     CURX
00118F  1  4C 27 12             JMP     PAINTCURSOR
001192  1               :
001192  1  C9 0A                CMP     #$0A
001194  1  D0 09                BNE     :+
001196  1  20 3F 12             JSR     UNPAINTCURSOR
001199  1  EE 01 10             INC     CURY
00119C  1  4C 27 12             JMP     PAINTCURSOR
00119F  1               :
00119F  1  C9 08                CMP     #$08
0011A1  1  D0 44                BNE     WRVIDGO
0011A3  1  20 3F 12             JSR     UNPAINTCURSOR
0011A6  1  AD 00 10             LDA     CURX
0011A9  1  C9 00                CMP     #$00
0011AB  1  D0 1E                BNE     WRVID2
0011AD  1  AD 01 10             LDA     CURY
0011B0  1  C9 00                CMP     #$00
0011B2  1  F0 1A                BEQ     WRVIDX
0011B4  1  CE 01 10             DEC     CURY
0011B7  1  AD 05 10             LDA     VIDEOMODE
0011BA  1  C9 01                CMP     #01
0011BC  1  D0 08                BNE     :+
0011BE  1  A9 50                LDA     #80
0011C0  1  8D 00 10             STA     CURX
0011C3  1  4C CB 11             JMP     WRVID2
0011C6  1               :
0011C6  1  A9 28                LDA     #40
0011C8  1  8D 00 10             STA     CURX
0011CB  1               WRVID2:
0011CB  1  CE 00 10             DEC     CURX
0011CE  1               WRVIDX:
0011CE  1  20 57 12             JSR     GETVIDEOADDRESS
0011D1  1  AD 06 10             LDA     VIDEOWORK
0011D4  1  85 35                STA     TEMPWORD
0011D6  1  18                   CLC
0011D7  1  A9 B0                LDA     #$B0
0011D9  1  6D 07 10             ADC     VIDEOWORK+1
0011DC  1  85 36                STA     TEMPWORD+1
0011DE  1  A0 00                LDY     #$00
0011E0  1  A9 20                LDA     #32
0011E2  1  91 35                STA     (TEMPWORD),Y
0011E4  1  4C 27 12             JMP     PAINTCURSOR
0011E7  1               
0011E7  1               
0011E7  1               
0011E7  1               WRVIDGO:
0011E7  1  48                   PHA
0011E8  1  20 3F 12             JSR     UNPAINTCURSOR
0011EB  1  AD 06 10             LDA     VIDEOWORK
0011EE  1  85 35                STA     TEMPWORD
0011F0  1  18                   CLC
0011F1  1  A9 B0                LDA     #$B0
0011F3  1  6D 07 10             ADC     VIDEOWORK+1
0011F6  1  85 36                STA     TEMPWORD+1
0011F8  1  68                   PLA
0011F9  1  A0 00                LDY     #$00
0011FB  1  91 35                STA     (TEMPWORD),Y
0011FD  1               
0011FD  1  AE 05 10             LDX     VIDEOMODE
001200  1  C9 00                CMP     #$00
001202  1  D0 0F                BNE     :+
001204  1  AE 00 10             LDX     CURX
001207  1  E0 28                CPX     #40
001209  1  D0 14                BNE     :++
00120B  1  EE 01 10             INC     CURY
00120E  1  A2 FF                LDX     #$FF
001210  1  4C 1F 12             JMP     :++
001213  1               :
001213  1  AE 00 10             LDX     CURX
001216  1  E0 50                CPX     #80
001218  1  D0 05                BNE     :+
00121A  1  EE 01 10             INC     CURY
00121D  1  A2 FF                LDX     #$FF
00121F  1               :
00121F  1  E8                   INX
001220  1  8E 00 10             STX     CURX
001223  1  20 27 12             JSR     PAINTCURSOR
001226  1  60                   RTS
001227  1               
001227  1               
001227  1               PAINTCURSOR:
001227  1  20 57 12             JSR     GETVIDEOADDRESS
00122A  1  AD 06 10             LDA     VIDEOWORK
00122D  1  85 35                STA     TEMPWORD
00122F  1  18                   CLC
001230  1  A9 B8                LDA     #$B8
001232  1  6D 07 10             ADC     VIDEOWORK+1
001235  1  85 36                STA     TEMPWORD+1
001237  1  AD 04 10             LDA     CSRCOLOR
00123A  1  A0 00                LDY     #$00
00123C  1  91 35                STA     (TEMPWORD),Y
00123E  1  60                   RTS
00123F  1               
00123F  1               UNPAINTCURSOR:
00123F  1  20 57 12             JSR     GETVIDEOADDRESS
001242  1  AD 06 10             LDA     VIDEOWORK
001245  1  85 35                STA     TEMPWORD
001247  1  18                   CLC
001248  1  A9 B8                LDA     #$B8
00124A  1  6D 07 10             ADC     VIDEOWORK+1
00124D  1  85 36                STA     TEMPWORD+1
00124F  1  AD 03 10             LDA     CURCOLOR
001252  1  A0 00                LDY     #$00
001254  1  91 35                STA     (TEMPWORD),Y
001256  1  60                   RTS
001257  1               
001257  1               
001257  1               
001257  1               GETVIDEOADDRESS:
001257  1  AD 01 10             LDA     CURY
00125A  1  8D 06 10             STA     VIDEOWORK
00125D  1  A9 00                LDA     #$00
00125F  1  8D 07 10             STA     VIDEOWORK+1
001262  1               
001262  1  0E 06 10             ASL     VIDEOWORK       ; TIMES 2
001265  1  2E 07 10             ROL     VIDEOWORK+1     ; TIMES 2
001268  1  0E 06 10             ASL     VIDEOWORK       ; TIMES 4
00126B  1  2E 07 10             ROL     VIDEOWORK+1     ; TIMES 4
00126E  1  0E 06 10             ASL     VIDEOWORK       ; TIMES 8
001271  1  2E 07 10             ROL     VIDEOWORK+1     ; TIMES 8
001274  1               
001274  1  AD 06 10             LDA     VIDEOWORK       ; PARK THIS NUMBER FOR THE FUTURE
001277  1  8D 08 10             STA     VIDEOWORK+2
00127A  1  AD 07 10             LDA     VIDEOWORK+1
00127D  1  8D 09 10             STA     VIDEOWORK+3
001280  1               
001280  1  0E 06 10             ASL     VIDEOWORK       ; TIMES 16
001283  1  2E 07 10             ROL     VIDEOWORK+1     ; TIMES 16
001286  1  0E 06 10             ASL     VIDEOWORK       ; TIMES 32
001289  1  2E 07 10             ROL     VIDEOWORK+1     ; TIMES 32
00128C  1               
00128C  1  18                   CLC                     ; ADD THE *32 VALUE WITH THE *8 VALUE TO GET *40 :)
00128D  1  AD 06 10             LDA     VIDEOWORK
001290  1  6D 08 10             ADC     VIDEOWORK+2
001293  1  8D 0A 10             STA     VIDEOWORK+4
001296  1               
001296  1  AD 07 10             LDA     VIDEOWORK+1
001299  1  6D 09 10             ADC     VIDEOWORK+3
00129C  1  8D 0B 10             STA     VIDEOWORK+5
00129F  1               
00129F  1  AD 0A 10             LDA     VIDEOWORK+4     ; PLACE BACK IN VIDEOWORK(+1)
0012A2  1  8D 06 10             STA     VIDEOWORK
0012A5  1  AD 0B 10             LDA     VIDEOWORK+5
0012A8  1  8D 07 10             STA     VIDEOWORK+1
0012AB  1               
0012AB  1  AD 05 10             LDA     VIDEOMODE       ; IF 40 COLUMN, WE ARE DONE, OTHERWISE DOUBLE AGAIN
0012AE  1  C9 00                CMP     #$00
0012B0  1  F0 06                BEQ     :+
0012B2  1  0E 06 10             ASL     VIDEOWORK       ; TIMES 2
0012B5  1  2E 07 10             ROL     VIDEOWORK+1     ; TIMES 2
0012B8  1               :
0012B8  1  18                   CLC                     ; NOW ADD IN X COORD
0012B9  1  AD 00 10             LDA     CURX
0012BC  1  6D 06 10             ADC     VIDEOWORK
0012BF  1  8D 06 10             STA     VIDEOWORK
0012C2  1  A9 00                LDA     #$00
0012C4  1  6D 07 10             ADC     VIDEOWORK+1
0012C7  1  8D 07 10             STA     VIDEOWORK+1
0012CA  1  60                   RTS
0012CB  1               
0012CB  1               
0012CB  1               ;--------------------------------------------------
0012CB  1               
0012CB  1               UART1DATA       = $EF84; SERIAL PORT 1 (I/O Card)
0012CB  1               UART1STATUS     = $EF85; SERIAL PORT 1 (I/O Card)
0012CB  1               UART1COMMAND    = $EF86; SERIAL PORT 1 (I/O Card)
0012CB  1               UART1CONTROL    = $EF87; SERIAL PORT 1 (I/O Card)
0012CB  1               
0012CB  1               ;__RDSER1________________________________________________________________________________________________________________________
0012CB  1               ;
0012CB  1               ;	READ CHARACTER FROM UART TO (A)
0012CB  1               ;________________________________________________________________________________________________________________________________
0012CB  1               ;
0012CB  1               RDSER1:
0012CB  1  AD 85 EF             LDA     UART1STATUS     ; GET STATUS REGISTER
0012CE  1  29 08                AND     #%00001000      ; IS RX READY
0012D0  1  F0 04                BEQ     RDSER1N         ; NO, INDICATE NO CHAR
0012D2  1  AD 84 EF             LDA     UART1DATA       ; GET DATA CHAR
0012D5  1  60                   RTS
0012D6  1               RDSER1N:
0012D6  1  A9 00                LDA     #$00            ;
0012D8  1  60                   RTS                     ;
0012D9  1               
0012D9  1               ;__RDSER1W_______________________________________________________________________________________________________________________
0012D9  1               ;
0012D9  1               ;	READ CHARACTER FROM UART TO (A) - WAIT FOR CHAR
0012D9  1               ;________________________________________________________________________________________________________________________________
0012D9  1               ;
0012D9  1               RDSER1W:
0012D9  1  20 CB 12             JSR     RDSER1
0012DC  1  C9 00                CMP     #$00
0012DE  1  F0 F9                BEQ     RDSER1W
0012E0  1  29 7F                AND     #$7F
0012E2  1  60                   RTS
0012E2  1               
